V3 54
FL /home/laraujo/work/uart_block/hdl/iseProject/baud_generator.vhd 2012/05/01.14:25:52 O.87xd
FL /home/laraujo/work/uart_block/hdl/iseProject/divisor.vhd 2012/05/01.08:01:47 O.87xd
FL /home/laraujo/work/uart_block/hdl/iseProject/INTERCON_P2P.vhd 2012/05/04.10:27:16 O.87xd
FL /home/laraujo/work/uart_block/hdl/iseProject/pkgDefinitions.vhd 2012/05/04.10:27:16 O.87xd
FL /home/laraujo/work/uart_block/hdl/iseProject/SERIALMASTER.vhd 2012/05/04.10:27:16 O.87xd
FL /home/laraujo/work/uart_block/hdl/iseProject/serial_receiver.vhd 2012/05/01.13:58:15 O.87xd
FL /home/laraujo/work/uart_block/hdl/iseProject/serial_transmitter.vhd 2012/04/23.13:47:40 O.87xd
FL /home/laraujo/work/uart_block/hdl/iseProject/SYC0001a.vhd 2012/05/04.10:27:16 O.87xd
FL /home/laraujo/work/uart_block/hdl/iseProject/uart_communication_blocks.vhd 2012/04/30.14:08:50 O.87xd
FL /home/laraujo/work/uart_block/hdl/iseProject/uart_control.vhd 2012/05/02.17:56:59 O.87xd
FL /home/laraujo/work/uart_block/hdl/iseProject/uart_main_blocks.vhd 2012/04/30.12:49:26 O.87xd
FL /home/laraujo/work/uart_block/hdl/iseProject/uart_wishbone_slave.vhd 2012/05/02.08:07:03 O.87xd
FL E:/uart_block/hdl/iseProject/baud_generator.vhd 2012/05/08.23:47:51 O.87xd
EN work/baud_generator 1336515634 \
      FL E:/uart_block/hdl/iseProject/baud_generator.vhd PB ieee/std_logic_1164 1325952872 \
      PB ieee/STD_LOGIC_UNSIGNED 1325952875 PB ieee/std_logic_arith 1325952873 \
      PB ieee/NUMERIC_STD 1325952877 PB work/pkgDefinitions 1336515633
AR work/baud_generator/Behavioral 1336515635 \
      FL E:/uart_block/hdl/iseProject/baud_generator.vhd EN work/baud_generator 1336515634
FL E:/uart_block/hdl/iseProject/divisor.vhd 2012/05/08.23:23:27 O.87xd
EN work/divisor 1336515640 FL E:/uart_block/hdl/iseProject/divisor.vhd \
      PB ieee/std_logic_1164 1325952872 PB ieee/std_logic_arith 1325952873 \
      PB work/pkgDefinitions 1336515633
AR work/divisor/Behavioral 1336515641 \
      FL E:/uart_block/hdl/iseProject/divisor.vhd EN work/divisor 1336515640
FL E:/uart_block/hdl/iseProject/INTERCON_P2P.vhd 2012/05/08.22:54:12 O.87xd
EN work/INTERCON_P2P 1336515652 FL E:/uart_block/hdl/iseProject/INTERCON_P2P.vhd \
      PB ieee/std_logic_1164 1325952872
AR work/INTERCON_P2P/Behavioral 1336515653 \
      FL E:/uart_block/hdl/iseProject/INTERCON_P2P.vhd EN work/INTERCON_P2P 1336515652 \
      CP SYC0001a CP SERIALMASTER CP uart_wishbone_slave
FL E:/uart_block/hdl/iseProject/pkgDefinitions.vhd 2012/05/08.22:34:17 O.87xd
PH work/pkgDefinitions 1336515632 \
      FL E:/uart_block/hdl/iseProject/pkgDefinitions.vhd PB ieee/std_logic_1164 1325952872
PB work/pkgDefinitions 1336515633 \
      FL E:/uart_block/hdl/iseProject/pkgDefinitions.vhd PH work/pkgDefinitions 1336515632
FL E:/uart_block/hdl/iseProject/SERIALMASTER.vhd 2012/05/08.23:01:15 O.87xd
EN work/SERIALMASTER 1336515648 FL E:/uart_block/hdl/iseProject/SERIALMASTER.vhd \
      PB ieee/std_logic_1164 1325952872 PB ieee/STD_LOGIC_UNSIGNED 1325952875 \
      PB ieee/std_logic_arith 1325952873 PB work/pkgDefinitions 1336515633
AR work/SERIALMASTER/Behavioral 1336515649 \
      FL E:/uart_block/hdl/iseProject/SERIALMASTER.vhd EN work/SERIALMASTER 1336515648
FL E:/uart_block/hdl/iseProject/serial_receiver.vhd 2012/05/09.00:19:50 O.87xd
EN work/serial_receiver 1336515638 \
      FL E:/uart_block/hdl/iseProject/serial_receiver.vhd PB ieee/std_logic_1164 1325952872 \
      PB work/pkgDefinitions 1336515633
AR work/serial_receiver/Behavioral 1336515639 \
      FL E:/uart_block/hdl/iseProject/serial_receiver.vhd EN work/serial_receiver 1336515638
FL E:/uart_block/hdl/iseProject/serial_transmitter.vhd 2012/05/09.00:09:31 O.87xd
EN work/serial_transmitter 1336515636 \
      FL E:/uart_block/hdl/iseProject/serial_transmitter.vhd \
      PB ieee/std_logic_1164 1325952872 PB work/pkgDefinitions 1336515633
AR work/serial_transmitter/Behavioral 1336515637 \
      FL E:/uart_block/hdl/iseProject/serial_transmitter.vhd \
      EN work/serial_transmitter 1336515636
FL E:/uart_block/hdl/iseProject/SYC0001a.vhd 2012/05/08.22:58:32 O.87xd
EN work/SYC0001a 1336515646 FL E:/uart_block/hdl/iseProject/SYC0001a.vhd \
      PB ieee/std_logic_1164 1325952872
AR work/SYC0001a/SYC0001a1 1336515647 \
      FL E:/uart_block/hdl/iseProject/SYC0001a.vhd EN work/SYC0001a 1336515646
FL E:/uart_block/hdl/iseProject/uart_communication_blocks.vhd 2012/05/09.00:17:49 O.87xd
EN work/uart_communication_blocks 1336515644 \
      FL E:/uart_block/hdl/iseProject/uart_communication_blocks.vhd \
      PB ieee/std_logic_1164 1325952872 PB work/pkgDefinitions 1336515633
AR work/uart_communication_blocks/Behavioral 1336515645 \
      FL E:/uart_block/hdl/iseProject/uart_communication_blocks.vhd \
      EN work/uart_communication_blocks 1336515644 CP baud_generator \
      CP serial_transmitter CP serial_receiver
FL E:/uart_block/hdl/iseProject/uart_control.vhd 2012/05/08.23:25:39 O.87xd
EN work/uart_control 1336515642 FL E:/uart_block/hdl/iseProject/uart_control.vhd \
      PB ieee/std_logic_1164 1325952872 PB ieee/STD_LOGIC_UNSIGNED 1325952875 \
      PB ieee/std_logic_arith 1325952873 PB work/pkgDefinitions 1336515633
AR work/uart_control/Behavioral 1336515643 \
      FL E:/uart_block/hdl/iseProject/uart_control.vhd EN work/uart_control 1336515642 \
      CP divisor
FL E:/uart_block/hdl/iseProject/uart_wishbone_slave.vhd 2012/05/08.23:31:19 O.87xd
EN work/uart_wishbone_slave 1336515650 \
      FL E:/uart_block/hdl/iseProject/uart_wishbone_slave.vhd \
      PB ieee/std_logic_1164 1325952872 PB work/pkgDefinitions 1336515633
AR work/uart_wishbone_slave/Behavioral 1336515651 \
      FL E:/uart_block/hdl/iseProject/uart_wishbone_slave.vhd \
      EN work/uart_wishbone_slave 1336515650 CP uart_control \
      CP uart_communication_blocks
