MO rom NULL C:\Xilinx\ISEexamples\cpu8080/testbench.v vlg3A/rom.bin 1158943312
MO cpu8080 NULL C:\Xilinx\ISEexamples\cpu8080/cpu8080.v vlg20/cpu8080.bin 1158943312
MO testbench NULL C:\Xilinx\ISEexamples\cpu8080/testbench.v vlg6C/testbench.bin 1158943312
MO glbl NULL C:/Xilinx/verilog/src/glbl.v vlg2D/glbl.bin 1158943312
MO alu NULL C:\Xilinx\ISEexamples\cpu8080/cpu8080.v vlg0A/alu.bin 1158943312
