--------------------------------------------------------------------------------------
Timing Analyzer Summary
--------------------------------------------------------------------------------------

Type           : Worst-case tsu
Slack          : N/A
Required Time  : None
Actual Time    : 2.298 ns
From           : RXD
To             : uart_read:uread|rxq1
From Clock     : 
To Clock       : clock
Failed Paths   : 0

Type           : Worst-case tco
Slack          : N/A
Required Time  : None
Actual Time    : 6.713 ns
From           : DAddrD[1]
To             : data_port_address[1]
From Clock     : clock
To Clock       : 
Failed Paths   : 0

Type           : Worst-case th
Slack          : N/A
Required Time  : None
Actual Time    : -2.056 ns
From           : Async_Reset
To             : sync_reset
From Clock     : 
To Clock       : clock
Failed Paths   : 0

Type           : Clock Setup: 'clock'
Slack          : 0.212 ns
Required Time  : 160.00 MHz ( period = 6.250 ns )
Actual Time    : 165.62 MHz ( period = 6.038 ns )
From           : Pipelined_RegFile:pipe|mul_div:MulDiv|mul_div_sign_ff
To             : Pipelined_RegFile:pipe|mul_div:MulDiv|mult64_reg[63]
From Clock     : clock
To Clock       : clock
Failed Paths   : 0

Type           : Clock Hold: 'clock'
Slack          : 0.020 ns
Required Time  : 160.00 MHz ( period = 6.250 ns )
Actual Time    : N/A
From           : pc_module:pc1|PC[5]
To             : pc_module:pc1|pcimm2D1[5]
From Clock     : clock
To Clock       : clock
Failed Paths   : 0

Type           : Total number of failed paths
Slack          : 
Required Time  : 
Actual Time    : 
From           : 
To             : 
From Clock     : 
To Clock       : 
Failed Paths   : 0

--------------------------------------------------------------------------------------

