--------------------------------------------------------------------------------------
Timing Analyzer Summary
--------------------------------------------------------------------------------------

Type           : Worst-case tsu
Slack          : N/A
Required Time  : None
Actual Time    : 7.689 ns
From           : KEY_0
To             : AUDIO_CODEC_VOLUME[4]
From Clock     : --
To Clock       : CLOCK_IN
Failed Paths   : 0

Type           : Worst-case tco
Slack          : N/A
Required Time  : None
Actual Time    : 14.997 ns
From           : Red_LEDs_Bar[2]
To             : S_RED_LEDS_OUT[4]
From Clock     : CLOCK_IN
To Clock       : --
Failed Paths   : 0

Type           : Worst-case th
Slack          : N/A
Required Time  : None
Actual Time    : 1.344 ns
From           : FLASH_MEMORY_DATA_INOUT[3]
To             : Flash_Memory_Driver:u4|FLASH_MEMORY_DATA_OUT[3]
From Clock     : --
To Clock       : CLOCK_IN
Failed Paths   : 0

Type           : Clock Setup: 'CLOCK_IN'
Slack          : N/A
Required Time  : None
Actual Time    : 21.79 MHz ( period = 45.900 ns )
From           : ADPCM_Decoder_1_Bit:u6|ADPCM_Decoder_Step_Size_Table_Pointer[9]
To             : ADPCM_Decoder_1_Bit:u6|PCM_Data_Difference[0]
From Clock     : CLOCK_IN
To Clock       : CLOCK_IN
Failed Paths   : 0

Type           : Clock Hold: 'CLOCK_IN'
Slack          : Not operational: Clock Skew > Data Delay
Required Time  : None
Actual Time    : N/A
From           : ADPCM_Decoder_1_Bit:u5|PCM_DATA_OUT[15]
To             : Red_LEDs_Bar[1]
From Clock     : CLOCK_IN
To Clock       : CLOCK_IN
Failed Paths   : 44

Type           : Total number of failed paths
Slack          : 
Required Time  : 
Actual Time    : 
From           : 
To             : 
From Clock     : 
To Clock       : 
Failed Paths   : 44

--------------------------------------------------------------------------------------

