
Memory Configuration

Name             Origin             Length             Attributes
ROM              0xfff00000         0x00002000         xr
RAM              0x00000000         0x00008000         rw
*default*        0x00000000         0xffffffff

Linker script and memory map

LOAD build/storm_boot_startup_code.o
LOAD main.o
LOAD c:/winarm/bin/../lib/gcc/arm-elf/4.1.1/../../../../arm-elf/lib/be\libc.a
LOAD c:/winarm/bin/../lib/gcc/arm-elf/4.1.1/../../../../arm-elf/lib/be\libm.a
LOAD c:/winarm/bin/../lib/gcc/arm-elf/4.1.1/../../../../arm-elf/lib/be\libc.a
LOAD c:/winarm/bin/../lib/gcc/arm-elf/4.1.1/be\libgcc.a
START GROUP
LOAD c:/winarm/bin/../lib/gcc/arm-elf/4.1.1/be\libgcc.a
LOAD c:/winarm/bin/../lib/gcc/arm-elf/4.1.1/../../../../arm-elf/lib/be\libg.a
LOAD c:/winarm/bin/../lib/gcc/arm-elf/4.1.1/../../../../arm-elf/lib/be\libc.a
END GROUP
                0x00008000                STACK_SIZE = 0x8000

.text           0xfff00000     0x1cd8
 *storm_startup_code.o(.text)
 *(.text)
 .text          0xfff00000       0x64 build/storm_boot_startup_code.o
                0xfff00058                reset
                0xfff00000                _boot
                0xfff00020                _mainCRTStartup
                0xfff00058                abort
                0xfff00020                _start
                0xfff00058                _reset
                0xfff00058                exit
                0xfff00020                start
 .text          0xfff00064      0xfe0 main.o
                0xfff00274                io_spi0_disable
                0xfff00088                io_set_gpio0_pin
                0xfff000c8                io_toggle_gpio0_pin
                0xfff000e4                io_set_gpio0_port
                0xfff004e8                set_cmsr
                0xfff000a4                io_clr_gpio0_pin
                0xfff00298                io_i2c0_speed
                0xfff00214                io_spi0_speed
                0xfff00550                uart0_scanf
                0xfff00258                io_spi0_enable
                0xfff00220                io_spi0_trans
                0xfff002c4                io_i2c0_byte_transfer
                0xfff0048c                set_syscpreg
                0xfff005a0                uart0_print_buffer
                0xfff00518                uart0_printf
                0xfff004e0                get_cmsr
                0xfff00634                hex_string_to_long
                0xfff00700                main
                0xfff005c4                long_to_hex_string
                0xfff000f0                io_set_pwm
                0xfff00504                io_disable_irq
                0xfff006d8                delay
                0xfff003f4                get_syscpreg
                0xfff001bc                io_uart0_read_byte
                0xfff001f0                io_spi0_config
                0xfff001d4                io_uart0_send_byte
                0xfff006ac                qbytes_to_long
                0xfff00064                io_read_gpio0_pin
                0xfff004f0                io_enable_irq
                0xfff0007c                io_read_gpio0_port
                0xfff0016c                io_get_pwm
 *(.rodata)
 *(.rodata*)
 .rodata.str1.4
                0xfff01044      0xc94 main.o
                                0xca0 (size before relaxing)
 *(.glue_7)
 .glue_7        0xfff01cd8        0x0 build/storm_boot_startup_code.o
 .glue_7        0xfff01cd8        0x0 main.o
 *(.glue_7t)
 .glue_7t       0xfff01cd8        0x0 build/storm_boot_startup_code.o
 .glue_7t       0xfff01cd8        0x0 main.o
                0xfff01cd8                . = ALIGN (0x4)

.ctors          0xfff01cd8        0x0
                0xfff01cd8                PROVIDE (__ctors_start__, .)
 *(SORT(.ctors.*))
 *(.ctors)
                0xfff01cd8                PROVIDE (__ctors_end__, .)

.dtors          0xfff01cd8        0x0
                0xfff01cd8                PROVIDE (__dtors_start__, .)
 *(SORT(.dtors.*))
 *(.dtors)
                0xfff01cd8                PROVIDE (__dtors_end__, .)
                0xfff01cd8                . = ALIGN (0x4)
                0xfff01cd8                _etext = .
                0xfff01cd8                PROVIDE (etext, .)

.data           0x00000000        0x0 load address 0xfff01cd8
                0x00000000                _data = .
 *(.data)
 .data          0x00000000        0x0 build/storm_boot_startup_code.o
 .data          0x00000000        0x0 main.o
                0x00000000                . = ALIGN (0x4)
                0x00000000                _edata = .
                0x00000000                PROVIDE (edata, .)

.bss            0x00000000        0x0
                0x00000000                __bss_start = .
                0x00000000                __bss_start__ = .
 *(.bss)
 .bss           0x00000000        0x0 build/storm_boot_startup_code.o
 .bss           0x00000000        0x0 main.o
 *(COMMON)
                0x00000000                . = ALIGN (0x4)
                0x00000000                . = ALIGN (0x4)
                0x00000000                __bss_end__ = .
                0x00000000                PROVIDE (__bss_end, .)

.stack          0x00000000     0x8000
                0x00000000                . = ALIGN (0x100)
                0x00008000                . = (. + STACK_SIZE)
 *fill*         0x00000000     0x8000 00
                0x00008000                PROVIDE (_stack, .)
                0x00008000                _end = .
                0x00008000                PROVIDE (end, .)

.stab
 *(.stab)

.stabstr
 *(.stabstr)

.stab.excl
 *(.stab.excl)

.stab.exclstr
 *(.stab.exclstr)

.stab.index
 *(.stab.index)

.stab.indexstr
 *(.stab.indexstr)

.comment        0x00000000       0x1b
 *(.comment)
 .comment       0x00000000       0x1b main.o

.debug
 *(.debug)

.line
 *(.line)

.debug_srcinfo
 *(.debug_srcinfo)

.debug_sfnames
 *(.debug_sfnames)

.debug_aranges  0x00000000       0x40
 *(.debug_aranges)
 .debug_aranges
                0x00000000       0x20 build/storm_boot_startup_code.o
 .debug_aranges
                0x00000020       0x20 main.o

.debug_pubnames
                0x00000000      0x25a
 *(.debug_pubnames)
 .debug_pubnames
                0x00000000      0x25a main.o

.debug_info     0x00000000      0x7cc
 *(.debug_info .gnu.linkonce.wi.*)
 .debug_info    0x00000000       0x83 build/storm_boot_startup_code.o
 .debug_info    0x00000083      0x749 main.o

.debug_abbrev   0x00000000      0x1db
 *(.debug_abbrev)
 .debug_abbrev  0x00000000       0x14 build/storm_boot_startup_code.o
 .debug_abbrev  0x00000014      0x1c7 main.o

.debug_line     0x00000000      0x354
 *(.debug_line)
 .debug_line    0x00000000       0x69 build/storm_boot_startup_code.o
 .debug_line    0x00000069      0x2eb main.o

.debug_frame    0x00000000      0x268
 *(.debug_frame)
 .debug_frame   0x00000000      0x268 main.o

.debug_str      0x00000000      0x335
 *(.debug_str)
 .debug_str     0x00000000      0x335 main.o
                                0x35d (size before relaxing)

.debug_loc      0x00000000      0x928
 *(.debug_loc)
 .debug_loc     0x00000000      0x928 main.o

.debug_macinfo
 *(.debug_macinfo)

.debug_weaknames
 *(.debug_weaknames)

.debug_funcnames
 *(.debug_funcnames)

.debug_typenames
 *(.debug_typenames)

.debug_varnames
 *(.debug_varnames)
OUTPUT(main.elf elf32-bigarm)

Cross Reference Table

Symbol                                            File
__bss_end__                                       build/storm_boot_startup_code.o
__bss_start                                       build/storm_boot_startup_code.o
_boot                                             build/storm_boot_startup_code.o
_data                                             build/storm_boot_startup_code.o
_edata                                            build/storm_boot_startup_code.o
_etext                                            build/storm_boot_startup_code.o
_mainCRTStartup                                   build/storm_boot_startup_code.o
_reset                                            build/storm_boot_startup_code.o
_stack                                            build/storm_boot_startup_code.o
_start                                            build/storm_boot_startup_code.o
abort                                             build/storm_boot_startup_code.o
delay                                             main.o
exit                                              build/storm_boot_startup_code.o
get_cmsr                                          main.o
get_syscpreg                                      main.o
hex_string_to_long                                main.o
io_clr_gpio0_pin                                  main.o
io_disable_irq                                    main.o
io_enable_irq                                     main.o
io_get_pwm                                        main.o
io_i2c0_byte_transfer                             main.o
io_i2c0_speed                                     main.o
io_read_gpio0_pin                                 main.o
io_read_gpio0_port                                main.o
io_set_gpio0_pin                                  main.o
io_set_gpio0_port                                 main.o
io_set_pwm                                        main.o
io_spi0_config                                    main.o
io_spi0_disable                                   main.o
io_spi0_enable                                    main.o
io_spi0_speed                                     main.o
io_spi0_trans                                     main.o
io_toggle_gpio0_pin                               main.o
io_uart0_read_byte                                main.o
io_uart0_send_byte                                main.o
long_to_hex_string                                main.o
main                                              main.o
                                                  build/storm_boot_startup_code.o
qbytes_to_long                                    main.o
reset                                             build/storm_boot_startup_code.o
set_cmsr                                          main.o
set_syscpreg                                      main.o
start                                             build/storm_boot_startup_code.o
uart0_print_buffer                                main.o
uart0_printf                                      main.o
uart0_scanf                                       main.o
