
Hexadecimal

Area                               Addr   Size   Decimal Bytes (Attributes)
--------------------------------   ----   ----   ------- ----- ------------
CABS                               0000   0000 =      0. bytes (ABS,CON,CODE)

      Value  Global
   --------  --------------------------------
  0C:FFFFFF00    s_BSEG
  0C:0000    l_ABSCODE
  0C:0000    l_BSEG
  0C:0000    l_BSEG_BYTES
  0C:0000    l_CABS
  0C:0000    l_GSINIT
  0C:0000    l_GSINIT1
  0C:0000    l_GSINIT5
  0C:0000    l_IABS
  0C:0000    l_ISEG
  0C:0000    l_PSEG
  0C:0000    l_REG_BANK_1
  0C:0000    l_REG_BANK_2
  0C:0000    l_REG_BANK_3
  0C:0000    l_RSEG
  0C:0000    l_XABS
  0C:0000    l__CODE
  0C:0000    s_ABSCODE
  0C:0000    s_ABSCODE0
  0C:0000    s_ABSCODE100
  0C:0000    s_ABSCODE104
  0C:0000    s_ABSCODE108
  0C:0000    s_ABSCODE10c
  0C:0000    s_ABSCODE110
  0C:0000    s_ABSCODE114
  0C:0000    s_ABSCODE118
  0C:0000    s_ABSCODE120
  0C:0000    s_ABSCODE124
  0C:0000    s_ABSCODE128
  0C:0000    s_ABSCODE12c
  0C:0000    s_ABSCODE13
  0C:0000    s_ABSCODE130
  0C:0000    s_ABSCODE134
  0C:0000    s_ABSCODE138
  0C:0000    s_ABSCODE13c
  0C:0000    s_ABSCODE140
  0C:0000    s_ABSCODE148
  0C:0000    s_ABSCODE14c
  0C:0000    s_ABSCODE150
  0C:0000    s_ABSCODE154
  0C:0000    s_ABSCODE158
  0C:0000    s_ABSCODE15c
  0C:0000    s_ABSCODE160
  0C:0000    s_ABSCODE170
  0C:0000    s_ABSCODE174
  0C:0000    s_ABSCODE178
  0C:0000    s_ABSCODE17c
  0C:0000    s_ABSCODE180
  0C:0000    s_ABSCODE184
  0C:0000    s_ABSCODE188
  0C:0000    s_ABSCODE18c
  0C:0000    s_ABSCODE190
  0C:0000    s_ABSCODE194
  0C:0000    s_ABSCODE198
  0C:0000    s_ABSCODE19c
  0C:0000    s_ABSCODE1a0
  0C:0000    s_ABSCODE1a8
  0C:0000    s_ABSCODE1ac
  0C:0000    s_ABSCODE1b
  0C:0000    s_ABSCODE1b0
  0C:0000    s_ABSCODE1b4
  0C:0000    s_ABSCODE1b8
  0C:0000    s_ABSCODE23
  0C:0000    s_ABSCODE2b
  0C:0000    s_ABSCODE3
  0C:0000    s_ABSCODE33
  0C:0000    s_ABSCODE3b
  0C:0000    s_ABSCODE43
  0C:0000    s_ABSCODE4b
  0C:0000    s_ABSCODE53
  0C:0000    s_ABSCODE5b
  0C:0000    s_ABSCODE63
  0C:0000    s_ABSCODE6c
  0C:0000    s_ABSCODE6d
  0C:0000    s_ABSCODE6e
  0C:0000    s_ABSCODE72
  0C:0000    s_ABSCODE76
  0C:0000    s_ABSCODE77
  0C:0000    s_ABSCODE78
  0C:0000    s_ABSCODE7e
  0C:0000    s_ABSCODE8a
  0C:0000    s_ABSCODEb
  0C:0000    s_BSEG_BYTES
  0C:0000    s_CABS
  0C:0000    s_DSEG
  0C:0000    s_IABS
  0C:0000    s_ISEG
  0C:0000    s_REG_BANK_0
  0C:0000    s_XABS
  0C:0001    l_ABSCODE100
  0C:0001    l_ABSCODE104
  0C:0001    l_ABSCODE108
  0C:0001    l_ABSCODE10c
  0C:0001    l_ABSCODE110
  0C:0001    l_ABSCODE114
  0C:0001    l_ABSCODE118
  0C:0001    l_ABSCODE120
  0C:0001    l_ABSCODE124
  0C:0001    l_ABSCODE128
  0C:0001    l_ABSCODE12c
  0C:0001    l_ABSCODE13
  0C:0001    l_ABSCODE130
  0C:0001    l_ABSCODE134
  0C:0001    l_ABSCODE138
  0C:0001    l_ABSCODE13c
  0C:0001    l_ABSCODE140
  0C:0001    l_ABSCODE148
  0C:0001    l_ABSCODE14c
  0C:0001    l_ABSCODE150
  0C:0001    l_ABSCODE154
  0C:0001    l_ABSCODE158
  0C:0001    l_ABSCODE15c
  0C:0001    l_ABSCODE160
  0C:0001    l_ABSCODE170
  0C:0001    l_ABSCODE174
  0C:0001    l_ABSCODE178
  0C:0001    l_ABSCODE17c
  0C:0001    l_ABSCODE180
  0C:0001    l_ABSCODE184
  0C:0001    l_ABSCODE188
  0C:0001    l_ABSCODE18c
  0C:0001    l_ABSCODE190
  0C:0001    l_ABSCODE194
  0C:0001    l_ABSCODE198
  0C:0001    l_ABSCODE19c
  0C:0001    l_ABSCODE1a0
  0C:0001    l_ABSCODE1a8
  0C:0001    l_ABSCODE1ac
  0C:0001    l_ABSCODE1b
  0C:0001    l_ABSCODE1b0
  0C:0001    l_ABSCODE1b4
  0C:0001    l_ABSCODE1b8
  0C:0001    l_ABSCODE23
  0C:0001    l_ABSCODE2b
  0C:0001    l_ABSCODE3
  0C:0001    l_ABSCODE33
  0C:0001    l_ABSCODE3b
  0C:0001    l_ABSCODE43
  0C:0001    l_ABSCODE4b
  0C:0001    l_ABSCODE53
  0C:0001    l_ABSCODE5b
  0C:0001    l_ABSCODE63
  0C:0001    l_ABSCODE6c
  0C:0001    l_ABSCODE6d
  0C:0001    l_ABSCODE76
  0C:0001    l_ABSCODE77
  0C:0001    l_ABSCODEb
  0C:0001    l_BIT_BANK
  0C:0002    l_OSEG
  0C:0003    l_ABSCODE0
  0C:0003    l_GSFINAL
  0C:0003    l_GSINIT0
  0C:0004    l_ABSCODE6e
  0C:0004    l_ABSCODE72
  0C:0006    l_ABSCODE78
  0C:0008    l_HOME
  0C:0008    l_REG_BANK_0
  0C:0008    s_REG_BANK_1
  0C:000A    l_ABSCODE8a
  0C:000A    l_GSINIT2
  0C:000C    l_ABSCODE7e
  0C:000D    l_XINIT
  0C:000D    l_XISEG
  0C:0010    s_REG_BANK_2
  0C:0016    s_OSEG
  0C:0018    s_REG_BANK_3
  0C:0020    s_BIT_BANK
  0C:0020    s__CODE
  0C:0021    s_RSEG
  0C:0021    s_SSEG
  0C:0022    l_GSINIT3
  0C:002A    l_GSINIT4
  0C:0036    l_XSEG
  0C:0078    l_DSEG
  0C:00AA    l_CONST
  0C:00DF    l_SSEG
  0C:0100    l_IRAM
  0C:0200    s_HOME
  0C:0208    s_GSINIT0
  0C:020B    s_GSINIT1
  0C:020B    s_GSINIT2
  0C:0215    s_GSINIT3
  0C:0237    s_GSINIT4
  0C:0261    s_GSFINAL
  0C:0261    s_GSINIT
  0C:0261    s_GSINIT5
  0C:0264    s_CSEG
  0C:1BF1    l_CSEG
  0C:1E55    s_CONST
  0C:1EFF    s_XINIT
  0C:3A00    s_PSEG
  0C:3A00    s_XSEG
  0C:3A36    s_XISEG




































































Hexadecimal

Area                               Addr   Size   Decimal Bytes (Attributes)
--------------------------------   ----   ----   ------- ----- ------------
.  .ABS.                           0000   0000 =      0. bytes (ABS,CON)

      Value  Global
   --------  --------------------------------
     0003    _INT0VEC_IE0
     000B    _INT1VEC_T0
     0013    _INT2VEC_IE1
     001B    _INT3VEC_T1
     0023    _INT4VEC_USART0
     002B    _INT5VEC_T2
     0033    _INT6VEC_RESUME
     003B    _INT7VEC_USART1
     0043    _INT8VEC_USB
     004B    _INT9VEC_I2C
     0053    _INT10VEC_GPIF
     005B    _INT11VEC_IE5
     0063    _INT12VEC_IE6
     006C    _ZTEX_DESCRIPTOR
     006D    _ZTEX_DESCRIPTOR_VERSION
     006E    _ZTEXID
     0072    _PRODUCT_ID
     0076    _FW_VERSION
     0077    _INTERFACE_VERSION
     0078    _INTERFACE_CAPABILITIES
     007E    _MODULE_RESERVED
     0080    _IOA
     0080    _IOA0
     0081    _IOA1
     0081    _SP
     0082    _DPL0
     0082    _IOA2
     0083    _DPH0
     0083    _IOA3
     0084    _DPL1
     0084    _IOA4
     0085    _DPH1
     0085    _IOA5
     0086    _DPS
     0086    _IOA6
     0087    _IOA7
     0087    _PCON
     0088    _IT0
     0088    _TCON
     0089    _IE0
     0089    _TMOD
     008A    _IT1
     008A    _SN_STRING
     008A    _TL0
     008B    _IE1
     008B    _TL1
     008C    _TH0
     008C    _TR0
     008D    _TF0
     008D    _TH1
     008E    _CKCON
     008E    _TR1
     008F    _TF1
     0090    _IOB
     0090    _IOB0
     0091    _EXIF
     0091    _IOB1
     0092    _IOB2
     0092    _MPAGE
     0092    __XPAGE
     0093    _IOB3
     0094    _IOB4
     0095    _IOB5
     0096    _IOB6
     0097    _IOB7
     0098    _RI_0
     0098    _SCON0
     0099    _SBUF0
     0099    _TI_0
     009A    _AUTOPTRH1
     009A    _RB8_0
     009B    _AUTOPTRL1
     009B    _TB8_0
     009C    _REN_0
     009D    _AUTOPTRH2
     009D    _SM2_0
     009E    _AUTOPTRL2
     009E    _SM1_0
     009F    _SM0_0
     00A0    _IOC
     00A0    _IOC0
     00A1    _INT2CLR
     00A1    _IOC1
     00A2    _INT4CLR
     00A2    _IOC2
     00A3    _IOC3
     00A4    _IOC4
     00A5    _IOC5
     00A6    _IOC6
     00A7    _IOC7
     00A8    _EX0
     00A8    _IE
     00A9    _ET0
     00AA    _EP2468STAT
     00AA    _EX1
     00AB    _EP24FIFOFLGS
     00AB    _ET1
     00AC    _EP68FIFOFLGS
     00AC    _ES0
     00AD    _ET2
     00AE    _ES1
     00AF    _AUTOPTRSETUP
     00AF    _EA
     00B0    _IOD
     00B0    _IOD0
     00B1    _IOD1
     00B1    _IOE
     00B2    _IOD2
     00B2    _OEA
     00B3    _IOD3
     00B3    _OEB
     00B4    _IOD4
     00B4    _OEC
     00B5    _IOD5
     00B5    _OED
     00B6    _IOD6
     00B6    _OEE
     00B7    _IOD7
     00B8    _IP
     00B8    _PX0
     00B9    _PT0
     00BA    _EP01STAT
     00BA    _PX1
     00BB    _GPIFTRIG
     00BB    _PT1
     00BC    _PS0
     00BD    _GPIFSGLDATH
     00BD    _PT2
     00BE    _GPIFSGLDATLX
     00BE    _PS1
     00BF    _GPIFSGLDATLNOX
     00C0    _RI_1
     00C0    _SCON1
     00C1    _SBUF1
     00C1    _TI_1
     00C2    _RB8_1
     00C3    _TB8_1
     00C4    _REN_1
     00C5    _SM2_1
     00C6    _SM1_1
     00C7    _SM0_1
     00C8    _CPRL2
     00C8    _T2CON
     00C9    _CT2
     00CA    _RCAP2L
     00CA    _TR2
     00CB    _EXEN2
     00CB    _RCAP2H
     00CC    _TCLK
     00CC    _TL2
     00CD    _RCLK
     00CD    _TH2
     00CE    _EXF2
     00CF    _TF2
     00D0    _PF
     00D0    _PSW
     00D1    _F1
     00D2    _OV
     00D3    _RS0
     00D4    _RS1
     00D5    _F0
     00D6    _AC
     00D7    _CY
     00D8    _EICON
     00DB    _INT6
     00DC    _RESI
     00DD    _ERESI
     00DF    _SMOD1
     00E0    _ACC
     00E0    _ACC0
     00E1    _ACC1
     00E2    _ACC2
     00E3    _ACC3
     00E4    _ACC4
     00E5    _ACC5
     00E6    _ACC6
     00E7    _ACC7
     00E8    _EIE
     00E8    _EUSB
     00E9    _EI2C
     00EA    _EIEX4
     00EB    _EIEX5
     00EC    _EIEX6
     00F0    _BREG
     00F0    _BREG0
     00F1    _BREG1
     00F2    _BREG2
     00F3    _BREG3
     00F4    _BREG4
     00F5    _BREG5
     00F6    _BREG6
     00F7    _BREG7
     00F8    _EIP
     00F8    _PUSB
     00F9    _PI2C
     00FA    _EIPX4
     00FB    _EIPX5
     00FC    _EIPX6
     0100    _INTVEC_SUDAV
     0104    _INTVEC_SOF
     0108    _INTVEC_SUTOK
     010C    _INTVEC_SUSPEND
     0110    _INTVEC_USBRESET
     0114    _INTVEC_HISPEED
     0118    _INTVEC_EP0ACK
     0120    _INTVEC_EP0IN
     0124    _INTVEC_EP0OUT
     0128    _INTVEC_EP1IN
     012C    _INTVEC_EP1OUT
     0130    _INTVEC_EP2
     0134    _INTVEC_EP4
     0138    _INTVEC_EP6
     013C    _INTVEC_EP8
     0140    _INTVEC_IBN
     0148    _INTVEC_EP0PING
     014C    _INTVEC_EP1PING
     0150    _INTVEC_EP2PING
     0154    _INTVEC_EP4PING
     0158    _INTVEC_EP6PING
     015C    _INTVEC_EP8PING
     0160    _INTVEC_ERRLIMIT
     0170    _INTVEC_EP2ISOERR
     0174    _INTVEC_EP4ISOERR
     0178    _INTVEC_EP6ISOERR
     017C    _INTVEC_EP8ISOERR
     0180    _INTVEC_EP2PF
     0184    _INTVEC_EP4PF
     0188    _INTVEC_EP6PF
     018C    _INTVEC_EP8PF
     0190    _INTVEC_EP2EF
     0194    _INTVEC_EP4EF
     0198    _INTVEC_EP6EF
     019C    _INTVEC_EP8EF
     01A0    _INTVEC_EP2FF
     01A8    _INTVEC_EP6FF
     01AC    _INTVEC_EP8FF
     01B0    _INTVEC_GPIFDONE
     01B4    _INTVEC_GPIFWF
     E400    _GPIF_WAVE0_DATA
     E400    _GPIF_WAVE_DATA
     E420    _GPIF_WAVE1_DATA
     E440    _GPIF_WAVE2_DATA
     E460    _GPIF_WAVE3_DATA
     E50D    _GPCR2
     E600    _CPUCS
     E601    _IFCONFIG
     E602    _PINFLAGSAB
     E603    _PINFLAGSCD
     E604    _FIFORESET
     E605    _BREAKPT
     E606    _BPADDRH
     E607    _BPADDRL
     E608    _UART230
     E609    _FIFOPINPOLAR
     E60A    _REVID
     E60B    _REVCTL
     E60C    _GPIFHOLDAMOUNT
     E610    _EP1OUTCFG
     E611    _EP1INCFG
     E612    _EP2CFG
     E613    _EP4CFG
     E614    _EP6CFG
     E615    _EP8CFG
     E618    _EP2FIFOCFG
     E619    _EP4FIFOCFG
     E61A    _EP6FIFOCFG
     E61B    _EP8FIFOCFG
     E620    _EP2AUTOINLENH
     E621    _EP2AUTOINLENL
     E622    _EP4AUTOINLENH
     E623    _EP4AUTOINLENL
     E624    _EP6AUTOINLENH
     E625    _EP6AUTOINLENL
     E626    _EP8AUTOINLENH
     E627    _EP8AUTOINLENL
     E628    _ECCCFG
     E629    _ECCRESET
     E62A    _ECC1B0
     E62B    _ECC1B1
     E62C    _ECC1B2
     E62D    _ECC2B0
     E62E    _ECC2B1
     E62F    _ECC2B2
     E630    _EP2FIFOPFH
     E631    _EP2FIFOPFL
     E632    _EP4FIFOPFH
     E633    _EP4FIFOPFL
     E634    _EP6FIFOPFH
     E635    _EP6FIFOPFL
     E636    _EP8FIFOPFH
     E637    _EP8FIFOPFL
     E640    _EP2ISOINPKTS
     E641    _EP4ISOINPKTS
     E642    _EP6ISOINPKTS
     E643    _EP8ISOINPKTS
     E648    _INPKTEND
     E649    _OUTPKTEND
     E650    _EP2FIFOIE
     E651    _EP2FIFOIRQ
     E652    _EP4FIFOIE
     E653    _EP4FIFOIRQ
     E654    _EP6FIFOIE
     E655    _EP6FIFOIRQ
     E656    _EP8FIFOIE
     E657    _EP8FIFOIRQ
     E658    _IBNIE
     E659    _IBNIRQ
     E65A    _NAKIE
     E65B    _NAKIRQ
     E65C    _USBIE
     E65D    _USBIRQ
     E65E    _EPIE
     E65F    _EPIRQ
     E660    _GPIFIE
     E661    _GPIFIRQ
     E662    _USBERRIE
     E663    _USBERRIRQ
     E664    _ERRCNTLIM
     E665    _CLRERRCNT
     E666    _INT2IVEC
     E667    _INT4IVEC
     E668    _INTSETUP
     E670    _PORTACFG
     E671    _PORTCCFG
     E672    _PORTECFG
     E678    _I2CS
     E679    _I2DAT
     E67A    _I2CTL
     E67B    _EXTAUTODAT1
     E67B    _XAUTODAT1
     E67C    _EXTAUTODAT2
     E67C    _XAUTODAT2
     E67D    _UDMACRCH
     E67E    _UDMACRCL
     E67F    _UDMACRCQUALIFIER
     E680    _USBCS
     E681    _SUSPEND
     E682    _WAKEUPCS
     E683    _TOGCTL
     E684    _USBFRAMEH
     E685    _USBFRAMEL
     E686    _MICROFRAME
     E687    _FNADDR
     E68A    _EP0BCH
     E68B    _EP0BCL
     E68D    _EP1OUTBC
     E68F    _EP1INBC
     E690    _EP2BCH
     E691    _EP2BCL
     E694    _EP4BCH
     E695    _EP4BCL
     E698    _EP6BCH
     E699    _EP6BCL
     E69C    _EP8BCH
     E69D    _EP8BCL
     E6A0    _EP0CS
     E6A1    _EP1OUTCS
     E6A2    _EP1INCS
     E6A3    _EP2CS
     E6A3    _EPXCS
     E6A4    _EP4CS
     E6A5    _EP6CS
     E6A6    _EP8CS
     E6A7    _EP2FIFOFLGS
     E6A8    _EP4FIFOFLGS
     E6A9    _EP6FIFOFLGS
     E6AA    _EP8FIFOFLGS
     E6AB    _EP2FIFOBCH
     E6AC    _EP2FIFOBCL
     E6AD    _EP4FIFOBCH
     E6AE    _EP4FIFOBCL
     E6AF    _EP6FIFOBCH
     E6B0    _EP6FIFOBCL
     E6B1    _EP8FIFOBCH
     E6B2    _EP8FIFOBCL
     E6B3    _SUDPTRH
     E6B4    _SUDPTRL
     E6B5    _SUDPTRCTL
     E6B8    _SETUPDAT
     E6B8    _bmRequestType
     E6B9    _bRequest
     E6BA    _wValueL
     E6BB    _wValueH
     E6BC    _wIndexL
     E6BD    _wIndexH
     E6BE    _wLengthL
     E6BF    _wLengthH
     E6C0    _GPIFWFSELECT
     E6C1    _GPIFIDLECS
     E6C2    _GPIFIDLECTL
     E6C3    _GPIFCTLCFG
     E6C4    _GPIFADRH
     E6C5    _GPIFADRL
     E6C6    _FLOWSTATE
     E6C7    _FLOWLOGIC
     E6C8    _FLOWEQ0CTL
     E6C9    _FLOWEQ1CTL
     E6CA    _FLOWHOLDOFF
     E6CB    _FLOWSTB
     E6CC    _FLOWSTBEDGE
     E6CD    _FLOWSTBHPERIOD
     E6CE    _GPIFTCB3
     E6CF    _GPIFTCB2
     E6D0    _GPIFTCB1
     E6D1    _GPIFTCB0
     E6D2    _EP2GPIFFLGSEL
     E6D3    _EP2GPIFPFSTOP
     E6D4    _EP2GPIFTRIG
     E6DA    _EP4GPIFFLGSEL
     E6DB    _EP4GPIFPFSTOP
     E6DC    _EP4GPIFTRIG
     E6E2    _EP6GPIFFLGSEL
     E6E3    _EP6GPIFPFSTOP
     E6E4    _EP6GPIFTRIG
     E6EA    _EP8GPIFFLGSEL
     E6EB    _EP8GPIFPFSTOP
     E6EC    _EP8GPIFTRIG
     E6F0    _XGPIFSGLDATH
     E6F1    _XGPIFSGLDATLX
     E6F2    _XGPIFSGLDATLNOX
     E6F3    _GPIFREADYCFG
     E6F4    _GPIFREADYSTAT
     E6F5    _GPIFABORT
     E740    _EP0BUF
     E780    _EP1OUTBUF
     E7C0    _EP1INBUF
     F000    _EP2FIFOBUF
     F400    _EP4FIFOBUF
     F800    _EP6FIFOBUF
     FC00    _EP8FIFOBUF









Hexadecimal

Area                               Addr   Size   Decimal Bytes (Attributes)
--------------------------------   ----   ----   ------- ----- ------------
DSEG                               0000   0078 =    120. bytes (REL,CON)

      Value  Global
   --------  --------------------------------
     0008    _eeprom_select_PARM_2
     0009    _eeprom_select_PARM_3
     000A    _eeprom_read_PARM_2
     000C    _eeprom_read_PARM_3
     000D    _eeprom_write_PARM_2
     000F    _eeprom_write_PARM_3
     0010    _mac_eeprom_read_PARM_2
     0011    _mac_eeprom_read_PARM_3
     0012    _mac_eeprom_write_PARM_2
     0013    _mac_eeprom_write_PARM_3
     0014    _flash_write_PARM_2

Hexadecimal

Area                               Addr   Size   Decimal Bytes (Attributes)
--------------------------------   ----   ----   ------- ----- ------------
OSEG                               0016   0002 =      2. bytes (REL,OVR)

      Value  Global
   --------  --------------------------------
     0016    _flash_read_PARM_2
     0016    _sendStringDescriptor_PARM_2
     0016    _spi_write_PARM_2
     0017    _sendStringDescriptor_PARM_3


Hexadecimal

Area                               Addr   Size   Decimal Bytes (Attributes)
--------------------------------   ----   ----   ------- ----- ------------
SSEG                               0021   00DF =    223. bytes (REL,OVR)

      Value  Global
   --------  --------------------------------
     0021    __start__stack



Hexadecimal

Area                               Addr   Size   Decimal Bytes (Attributes)
--------------------------------   ----   ----   ------- ----- ------------
XSEG                               3A00   0036 =     54. bytes (REL,CON,XDATA)

      Value  Global
   --------  --------------------------------
  0D:3A00    _eeprom_addr
  0D:3A02    _eeprom_write_bytes
  0D:3A04    _eeprom_write_checksum
  0D:3A05    _mac_eeprom_addr
  0D:3A06    _config_data_valid
  0D:3A07    _flash_enabled
  0D:3A08    _flash_sector_size
  0D:3A0A    _flash_sectors
  0D:3A0E    _flash_ec
  0D:3A0F    _spi_vendor
  0D:3A10    _spi_device
  0D:3A11    _spi_memtype
  0D:3A12    _spi_erase_cmd
  0D:3A13    _spi_last_cmd
  0D:3A14    _spi_buffer
  0D:3A18    _spi_write_addr_hi
  0D:3A1A    _spi_write_addr_lo
  0D:3A1B    _spi_need_pp
  0D:3A1C    _spi_write_sector
  0D:3A1E    _ep0_read_mode
  0D:3A1F    _ep0_write_mode
  0D:3A20    _fpga_checksum
  0D:3A21    _fpga_bytes
  0D:3A25    _fpga_init_b
  0D:3A26    _fpga_flash_result
  0D:3A27    _fpga_conf_initialized
  0D:3A28    _OOEA

Hexadecimal

Area                               Addr   Size   Decimal Bytes (Attributes)
--------------------------------   ----   ----   ------- ----- ------------
XISEG                              3A36   000D =     13. bytes (REL,CON,XDATA)

      Value  Global
   --------  --------------------------------
  0D:3A36    _ep0_payload_remaining
  0D:3A38    _ep0_payload_transfer
  0D:3A39    _ep0_prev_setup_request
  0D:3A3A    _ep0_vendor_cmd_setup
  0D:3A3B    _ISOFRAME_COUNTER

Hexadecimal

Area                               Addr   Size   Decimal Bytes (Attributes)
--------------------------------   ----   ----   ------- ----- ------------
HOME                               0200   0008 =      8. bytes (REL,CON,CODE)

      Value  Global
   --------  --------------------------------
  0C:0203    __sdcc_program_startup

Hexadecimal

Area                               Addr   Size   Decimal Bytes (Attributes)
--------------------------------   ----   ----   ------- ----- ------------
GSINIT0                            0208   0003 =      3. bytes (REL,CON,CODE)

      Value  Global
   --------  --------------------------------
  0C:0208    __sdcc_gsinit_startup



Hexadecimal

Area                               Addr   Size   Decimal Bytes (Attributes)
--------------------------------   ----   ----   ------- ----- ------------
GSINIT3                            0215   0022 =     34. bytes (REL,CON,CODE)

      Value  Global
   --------  --------------------------------
  0C:0215    __mcs51_genXINIT

Hexadecimal

Area                               Addr   Size   Decimal Bytes (Attributes)
--------------------------------   ----   ----   ------- ----- ------------
GSINIT4                            0237   002A =     42. bytes (REL,CON,CODE)

      Value  Global
   --------  --------------------------------
  0C:0237    __mcs51_genRAMCLEAR
  0C:023D    __mcs51_genXRAMCLEAR




Hexadecimal

Area                               Addr   Size   Decimal Bytes (Attributes)
--------------------------------   ----   ----   ------- ----- ------------
CSEG                               0264   1BF1 =   7153. bytes (REL,CON,CODE)

      Value  Global
   --------  --------------------------------
  0C:0264    _abscode_intvec
  0C:0265    _wait
  0C:0289    _uwait
  0C:02AD    _MEM_COPY1_int
  0C:02BC    _i2c_waitWrite
  0C:02E9    _i2c_waitRead
  0C:0312    _i2c_waitStart
  0C:032C    _i2c_waitStop
  0C:0346    _eeprom_select
  0C:03AA    _eeprom_read
  0C:04B3    _eeprom_write
  0C:0573    _eeprom_read_ep0
  0C:05A7    _eeprom_write_ep0
  0C:05D4    _mac_eeprom_read
  0C:06C1    _mac_eeprom_write
  0C:07B9    _mac_eeprom_read_ep0
  0C:07DD    _spi_clocks
  0C:07E9    _flash_read_byte
  0C:0828    _flash_read
  0C:0867    _spi_write_byte
  0C:08A3    _spi_write
  0C:08E2    _spi_select
  0C:08ED    _spi_deselect
  0C:08F5    _spi_wait
  0C:0963    _flash_read_init
  0C:09E5    _flash_read_next
  0C:09E9    _flash_read_finish
  0C:09EC    _spi_pp
  0C:0A44    _flash_write_byte
  0C:0A94    _flash_write
  0C:0B5F    _flash_write_init
  0C:0C10    _flash_write_finish_sector
  0C:0C17    _flash_write_finish
  0C:0C1A    _flash_write_next
  0C:0C2D    _flash_init
  0C:0CED    _spi_read_ep0
  0C:0D10    _spi_send_ep0
  0C:0E67    _fpga_send_ep0
  0C:0ED1    _fpga_configure_from_flash
  0C:0F79    _fpga_first_free_sector
  0C:1050    _fpga_configure_from_flash_init
  0C:113E    _abscode_identity
  0C:18C5    _SOF_ISR
  0C:18DB    _SUTOK_ISR
  0C:18F1    _SUSP_ISR
  0C:1907    _URES_ISR
  0C:191D    _HSGRANT_ISR
  0C:1933    _EP0ACK_ISR
  0C:1B00    _EP1IN_ISR
  0C:1B16    _EP1OUT_ISR
  0C:1B2C    _EP2_ISR
  0C:1B42    _EP4_ISR
  0C:1B58    _EP6_ISR
  0C:1B6E    _EP8_ISR
  0C:1B84    _mac_eeprom_init
  0C:1C2C    _init_USB
  0C:1E39    _main
  0C:1E51    __sdcc_external_startup

Hexadecimal

Area                               Addr   Size   Decimal Bytes (Attributes)
--------------------------------   ----   ----   ------- ----- ------------
CONST                              1E55   00AA =    170. bytes (REL,CON,CODE)

      Value  Global
   --------  --------------------------------
  0C:1E55    _fpga_flash_boot_id
  0C:1E5D    _manufacturerString
  0C:1E62    _productString
  0C:1E82    _configurationString
  0C:1E8A    _DeviceDescriptor
  0C:1E9C    _DeviceQualifierDescriptor
  0C:1EA6    _HighSpeedConfigDescriptor
  0C:1EC6    _HighSpeedConfigDescriptor_PadByte
  0C:1EC8    _FullSpeedConfigDescriptor
  0C:1EE8    _FullSpeedConfigDescriptor_PadByte
  0C:1EEA    _EmptyStringDescriptor
  0C:1EEE    _mac_eeprom_init_hexdigits_1_1

ASxxxx Linker V01.75 + NoICE + SDCC Feb 1999,  page 1.

Files Linked      [ module(s) ]

default.rel     

Libraries Linked            [   object  file   ]

/usr/bin/../share/sdcc/lib/small/mcs51.lib    [     crtclear.rel ]
/usr/bin/../share/sdcc/lib/small/mcs51.lib    [     crtxinit.rel ]
/usr/bin/../share/sdcc/lib/small/mcs51.lib    [    crtxclear.rel ]
/usr/bin/../share/sdcc/lib/small/mcs51.lib    [     crtstart.rel ]
/usr/bin/../share/sdcc/lib/small/libsdcc.lib    [         _startup ]

ASxxxx Linker V01.75 + NoICE + SDCC Feb 1999,  page 2.

User Base Address Definitions

HOME = 0x0200
XSEG = 0x3a00
PSEG = 0x3a00
ISEG = 0x0000
BSEG = 0x0000

