--------------------------------------------------------------------------------------
Timing Analyzer Summary
--------------------------------------------------------------------------------------

Type           : Worst-case tsu
Slack          : N/A
Required Time  : None
Actual Time    : 9.865 ns
From           : SRAM_DQ[6]
To             : VGA_Controller:u8|Cur_Color_B[8]
From Clock     : --
To Clock       : CLOCK_27[0]
Failed Paths   : 0

Type           : Worst-case tco
Slack          : N/A
Required Time  : None
Actual Time    : 17.508 ns
From           : AUDIO_DAC:u11|SEL_Cont[2]
To             : AUD_DACDAT
From Clock     : CLOCK_27[0]
To Clock       : --
Failed Paths   : 0

Type           : Worst-case tpd
Slack          : N/A
Required Time  : None
Actual Time    : 11.850 ns
From           : SW[0]
To             : AUD_DACDAT
From Clock     : --
To Clock       : --
Failed Paths   : 0

Type           : Worst-case th
Slack          : N/A
Required Time  : None
Actual Time    : -0.192 ns
From           : TCS
To             : USB_JTAG:u1|JTAG_REC:u0|rDATA[3]
From Clock     : --
To Clock       : CLOCK_50
Failed Paths   : 0

Type           : Clock Setup: 'TCK'
Slack          : -0.817 ns
Required Time  : 400.00 MHz ( period = 2.500 ns )
Actual Time    : 301.48 MHz ( period = 3.317 ns )
From           : USB_JTAG:u1|JTAG_TRANS:u1|rCont[0]
To             : USB_JTAG:u1|JTAG_TRANS:u1|TDO
From Clock     : TCK
To Clock       : TCK
Failed Paths   : 3

Type           : Clock Setup: 'CLOCK_50'
Slack          : 0.888 ns
Required Time  : 50.00 MHz ( period = 20.000 ns )
Actual Time    : N/A
From           : Multi_Sdram:u3|Sdram_Controller:u1|mDATAOUT[6]
To             : Multi_Sdram:u3|Sdram_Controller:u1|DATAOUT[6]
From Clock     : Multi_Sdram:u3|Sdram_Controller:u1|PLL1:sdram_pll1|altpll:altpll_component|_clk0
To Clock       : CLOCK_50
Failed Paths   : 0

Type           : Clock Setup: 'Multi_Sdram:u3|Sdram_Controller:u1|PLL1:sdram_pll1|altpll:altpll_component|_clk0'
Slack          : 12.096 ns
Required Time  : 50.00 MHz ( period = 20.000 ns )
Actual Time    : N/A
From           : Multi_Sdram:u3|Sdram_Multiplexer:u0|mSDR_RD
To             : Multi_Sdram:u3|Sdram_Controller:u1|Write
From Clock     : CLOCK_50
To Clock       : Multi_Sdram:u3|Sdram_Controller:u1|PLL1:sdram_pll1|altpll:altpll_component|_clk0
Failed Paths   : 0

Type           : Clock Setup: 'VGA_Audio_PLL:p1|altpll:altpll_component|_clk1'
Slack          : 25.135 ns
Required Time  : 18.00 MHz ( period = 55.555 ns )
Actual Time    : 189.18 MHz ( period = 5.286 ns )
From           : AUDIO_DAC:u11|FLASH_Cont[0]
To             : AUDIO_DAC:u11|FLASH_Out_Tmp[0]
From Clock     : VGA_Audio_PLL:p1|altpll:altpll_component|_clk1
To Clock       : VGA_Audio_PLL:p1|altpll:altpll_component|_clk1
Failed Paths   : 0

Type           : Clock Setup: 'VGA_Audio_PLL:p1|altpll:altpll_component|_clk0'
Slack          : 25.397 ns
Required Time  : 25.20 MHz ( period = 39.682 ns )
Actual Time    : 70.00 MHz ( period = 14.285 ns )
From           : VGA_Controller:u8|oCoord_Y[0]
To             : VGA_OSD_RAM:u9|Img_RAM:u0|altsyncram:altsyncram_component|altsyncram_f7o1:auto_generated|altsyncram_e132:altsyncram1|ram_block2a44~porta_address_reg8
From Clock     : VGA_Audio_PLL:p1|altpll:altpll_component|_clk0
To Clock       : VGA_Audio_PLL:p1|altpll:altpll_component|_clk0
Failed Paths   : 0

Type           : Clock Hold: 'Multi_Sdram:u3|Sdram_Controller:u1|PLL1:sdram_pll1|altpll:altpll_component|_clk0'
Slack          : 0.445 ns
Required Time  : 50.00 MHz ( period = 20.000 ns )
Actual Time    : N/A
From           : Multi_Sdram:u3|Sdram_Controller:u1|command:command1|rw_flag
To             : Multi_Sdram:u3|Sdram_Controller:u1|command:command1|rw_flag
From Clock     : Multi_Sdram:u3|Sdram_Controller:u1|PLL1:sdram_pll1|altpll:altpll_component|_clk0
To Clock       : Multi_Sdram:u3|Sdram_Controller:u1|PLL1:sdram_pll1|altpll:altpll_component|_clk0
Failed Paths   : 0

Type           : Clock Hold: 'VGA_Audio_PLL:p1|altpll:altpll_component|_clk0'
Slack          : 0.445 ns
Required Time  : 25.20 MHz ( period = 39.682 ns )
Actual Time    : N/A
From           : VGA_Controller:u8|oVGA_V_SYNC
To             : VGA_Controller:u8|oVGA_V_SYNC
From Clock     : VGA_Audio_PLL:p1|altpll:altpll_component|_clk0
To Clock       : VGA_Audio_PLL:p1|altpll:altpll_component|_clk0
Failed Paths   : 0

Type           : Clock Hold: 'VGA_Audio_PLL:p1|altpll:altpll_component|_clk1'
Slack          : 0.445 ns
Required Time  : 18.00 MHz ( period = 55.555 ns )
Actual Time    : N/A
From           : AUDIO_DAC:u11|LRCK_2X
To             : AUDIO_DAC:u11|LRCK_2X
From Clock     : VGA_Audio_PLL:p1|altpll:altpll_component|_clk1
To Clock       : VGA_Audio_PLL:p1|altpll:altpll_component|_clk1
Failed Paths   : 0

Type           : Clock Hold: 'TCK'
Slack          : 0.445 ns
Required Time  : 400.00 MHz ( period = 2.500 ns )
Actual Time    : N/A
From           : USB_JTAG:u1|JTAG_TRANS:u1|rCont[0]
To             : USB_JTAG:u1|JTAG_TRANS:u1|rCont[0]
From Clock     : TCK
To Clock       : TCK
Failed Paths   : 0

Type           : Clock Hold: 'CLOCK_50'
Slack          : 0.445 ns
Required Time  : 50.00 MHz ( period = 20.000 ns )
Actual Time    : N/A
From           : I2C_AV_Config:u10|I2C_Controller:u0|SCLK
To             : I2C_AV_Config:u10|I2C_Controller:u0|SCLK
From Clock     : CLOCK_50
To Clock       : CLOCK_50
Failed Paths   : 0

Type           : Total number of failed paths
Slack          : 
Required Time  : 
Actual Time    : 
From           : 
To             : 
From Clock     : 
To Clock       : 
Failed Paths   : 3

--------------------------------------------------------------------------------------

