MPLINK 4.48, Linker
Linker Map File - Created Thu Dec 05 08:25:31 2013

                                 Section Info
                  Section       Type    Address   Location Size(Bytes)
                ---------  ---------  ---------  ---------  ---------
                   .org_0       code   0x000000    program   0x000000
                   .org_2       code   0x000000    program   0x00008a
                   .org_1       code   0x0007ff    program   0x000002



                              Program Memory Usage 
                               Start         End      
                           ---------   ---------      
                            0x000000    0x000044      
                            0x0007ff    0x0007ff      
            70 out of 2053 program addresses used, program memory utilization is 3%



                              Symbols - Sorted by Name
                     Name    Address   Location    Storage File                     
                ---------  ---------  ---------  --------- ---------                
               ChangeCase   0x000039    program     static C:\MAM\M16C5x\MPLAB\M16C5x_Tst4.asm
             GT_LowerCase   0x00002c    program     static C:\MAM\M16C5x\MPLAB\M16C5x_Tst4.asm
             Is_LowerCase   0x000030    program     static C:\MAM\M16C5x\MPLAB\M16C5x_Tst4.asm
             Is_UpperCase   0x000039    program     static C:\MAM\M16C5x\MPLAB\M16C5x_Tst4.asm
             LT_UpperCase   0x000038    program     static C:\MAM\M16C5x\MPLAB\M16C5x_Tst4.asm
           Not_UpperLower   0x000034    program     static C:\MAM\M16C5x\MPLAB\M16C5x_Tst4.asm
             Poll_UART_RF   0x000017    program     static C:\MAM\M16C5x\MPLAB\M16C5x_Tst4.asm
               Rd_UART_RF   0x000014    program     static C:\MAM\M16C5x\MPLAB\M16C5x_Tst4.asm
             SPI_Init_Dly   0x000008    program     static C:\MAM\M16C5x\MPLAB\M16C5x_Tst4.asm
                    Start   0x000000    program     static C:\MAM\M16C5x\MPLAB\M16C5x_Tst4.asm
                  Test_RD   0x000023    program     static C:\MAM\M16C5x\MPLAB\M16C5x_Tst4.asm
             Tst_ExtASCII   0x000027    program     static C:\MAM\M16C5x\MPLAB\M16C5x_Tst4.asm
            Tst_LowerCase   0x000029    program     static C:\MAM\M16C5x\MPLAB\M16C5x_Tst4.asm
            Tst_UpperCase   0x000031    program     static C:\MAM\M16C5x\MPLAB\M16C5x_Tst4.asm
                  WaitLp1   0x000012    program     static C:\MAM\M16C5x\MPLAB\M16C5x_Tst4.asm
                  WaitLp2   0x00001b    program     static C:\MAM\M16C5x\MPLAB\M16C5x_Tst4.asm
                  WaitLp3   0x00001f    program     static C:\MAM\M16C5x\MPLAB\M16C5x_Tst4.asm
                  WaitLp4   0x000042    program     static C:\MAM\M16C5x\MPLAB\M16C5x_Tst4.asm
               Wr_UART_TF   0x00003b    program     static C:\MAM\M16C5x\MPLAB\M16C5x_Tst4.asm



                              Symbols - Sorted by Address
                     Name    Address   Location    Storage File                     
                ---------  ---------  ---------  --------- ---------                
                    Start   0x000000    program     static C:\MAM\M16C5x\MPLAB\M16C5x_Tst4.asm
             SPI_Init_Dly   0x000008    program     static C:\MAM\M16C5x\MPLAB\M16C5x_Tst4.asm
                  WaitLp1   0x000012    program     static C:\MAM\M16C5x\MPLAB\M16C5x_Tst4.asm
               Rd_UART_RF   0x000014    program     static C:\MAM\M16C5x\MPLAB\M16C5x_Tst4.asm
             Poll_UART_RF   0x000017    program     static C:\MAM\M16C5x\MPLAB\M16C5x_Tst4.asm
                  WaitLp2   0x00001b    program     static C:\MAM\M16C5x\MPLAB\M16C5x_Tst4.asm
                  WaitLp3   0x00001f    program     static C:\MAM\M16C5x\MPLAB\M16C5x_Tst4.asm
                  Test_RD   0x000023    program     static C:\MAM\M16C5x\MPLAB\M16C5x_Tst4.asm
             Tst_ExtASCII   0x000027    program     static C:\MAM\M16C5x\MPLAB\M16C5x_Tst4.asm
            Tst_LowerCase   0x000029    program     static C:\MAM\M16C5x\MPLAB\M16C5x_Tst4.asm
             GT_LowerCase   0x00002c    program     static C:\MAM\M16C5x\MPLAB\M16C5x_Tst4.asm
             Is_LowerCase   0x000030    program     static C:\MAM\M16C5x\MPLAB\M16C5x_Tst4.asm
            Tst_UpperCase   0x000031    program     static C:\MAM\M16C5x\MPLAB\M16C5x_Tst4.asm
           Not_UpperLower   0x000034    program     static C:\MAM\M16C5x\MPLAB\M16C5x_Tst4.asm
             LT_UpperCase   0x000038    program     static C:\MAM\M16C5x\MPLAB\M16C5x_Tst4.asm
             Is_UpperCase   0x000039    program     static C:\MAM\M16C5x\MPLAB\M16C5x_Tst4.asm
               ChangeCase   0x000039    program     static C:\MAM\M16C5x\MPLAB\M16C5x_Tst4.asm
               Wr_UART_TF   0x00003b    program     static C:\MAM\M16C5x\MPLAB\M16C5x_Tst4.asm
                  WaitLp4   0x000042    program     static C:\MAM\M16C5x\MPLAB\M16C5x_Tst4.asm


