MPLINK 4.48, Linker
Linker Map File - Created Thu Jul 04 11:39:39 2013

                                 Section Info
                  Section       Type    Address   Location Size(Bytes)
                ---------  ---------  ---------  ---------  ---------
                   .org_0       code   0x000000    program   0x000000
                   .org_2       code   0x000000    program   0x0000a0
                   .org_1       code   0x0007ff    program   0x000002



                              Program Memory Usage 
                               Start         End      
                           ---------   ---------      
                            0x000000    0x00004f      
                            0x0007ff    0x0007ff      
            81 out of 2053 program addresses used, program memory utilization is 3%



                              Symbols - Sorted by Name
                     Name    Address   Location    Storage File                     
                ---------  ---------  ---------  --------- ---------                
                 Continue   0x000034    program     static C:\Documents and Settings\morrisma\My Documents\MAM-Projects\1020-M16C5x\MPLAB_Projects\M16C5x_Tst2.asm
                    Delay   0x000045    program     static C:\Documents and Settings\morrisma\My Documents\MAM-Projects\1020-M16C5x\MPLAB_Projects\M16C5x_Tst2.asm
                  DelayLp   0x00004a    program     static C:\Documents and Settings\morrisma\My Documents\MAM-Projects\1020-M16C5x\MPLAB_Projects\M16C5x_Tst2.asm
                ErrorLoop   0x000033    program     static C:\Documents and Settings\morrisma\My Documents\MAM-Projects\1020-M16C5x\MPLAB_Projects\M16C5x_Tst2.asm
                    Loop1   0x000013    program     static C:\Documents and Settings\morrisma\My Documents\MAM-Projects\1020-M16C5x\MPLAB_Projects\M16C5x_Tst2.asm
                    Loop2   0x00001b    program     static C:\Documents and Settings\morrisma\My Documents\MAM-Projects\1020-M16C5x\MPLAB_Projects\M16C5x_Tst2.asm
                     Next   0x00000a    program     static C:\Documents and Settings\morrisma\My Documents\MAM-Projects\1020-M16C5x\MPLAB_Projects\M16C5x_Tst2.asm
                  PortTst   0x000040    program     static C:\Documents and Settings\morrisma\My Documents\MAM-Projects\1020-M16C5x\MPLAB_Projects\M16C5x_Tst2.asm
             SleepRestart   0x000030    program     static C:\Documents and Settings\morrisma\My Documents\MAM-Projects\1020-M16C5x\MPLAB_Projects\M16C5x_Tst2.asm
                    Start   0x000000    program     static C:\Documents and Settings\morrisma\My Documents\MAM-Projects\1020-M16C5x\MPLAB_Projects\M16C5x_Tst2.asm
               Subroutine   0x00000d    program     static C:\Documents and Settings\morrisma\My Documents\MAM-Projects\1020-M16C5x\MPLAB_Projects\M16C5x_Tst2.asm



                              Symbols - Sorted by Address
                     Name    Address   Location    Storage File                     
                ---------  ---------  ---------  --------- ---------                
                    Start   0x000000    program     static C:\Documents and Settings\morrisma\My Documents\MAM-Projects\1020-M16C5x\MPLAB_Projects\M16C5x_Tst2.asm
                     Next   0x00000a    program     static C:\Documents and Settings\morrisma\My Documents\MAM-Projects\1020-M16C5x\MPLAB_Projects\M16C5x_Tst2.asm
               Subroutine   0x00000d    program     static C:\Documents and Settings\morrisma\My Documents\MAM-Projects\1020-M16C5x\MPLAB_Projects\M16C5x_Tst2.asm
                    Loop1   0x000013    program     static C:\Documents and Settings\morrisma\My Documents\MAM-Projects\1020-M16C5x\MPLAB_Projects\M16C5x_Tst2.asm
                    Loop2   0x00001b    program     static C:\Documents and Settings\morrisma\My Documents\MAM-Projects\1020-M16C5x\MPLAB_Projects\M16C5x_Tst2.asm
             SleepRestart   0x000030    program     static C:\Documents and Settings\morrisma\My Documents\MAM-Projects\1020-M16C5x\MPLAB_Projects\M16C5x_Tst2.asm
                ErrorLoop   0x000033    program     static C:\Documents and Settings\morrisma\My Documents\MAM-Projects\1020-M16C5x\MPLAB_Projects\M16C5x_Tst2.asm
                 Continue   0x000034    program     static C:\Documents and Settings\morrisma\My Documents\MAM-Projects\1020-M16C5x\MPLAB_Projects\M16C5x_Tst2.asm
                  PortTst   0x000040    program     static C:\Documents and Settings\morrisma\My Documents\MAM-Projects\1020-M16C5x\MPLAB_Projects\M16C5x_Tst2.asm
                    Delay   0x000045    program     static C:\Documents and Settings\morrisma\My Documents\MAM-Projects\1020-M16C5x\MPLAB_Projects\M16C5x_Tst2.asm
                  DelayLp   0x00004a    program     static C:\Documents and Settings\morrisma\My Documents\MAM-Projects\1020-M16C5x\MPLAB_Projects\M16C5x_Tst2.asm


