MPLINK 4.48, Linker
Linker Map File - Created Sat Jun 22 10:14:56 2013

                                 Section Info
                  Section       Type    Address   Location Size(Bytes)
                ---------  ---------  ---------  ---------  ---------
                   .org_0       code   0x000000    program   0x000000
                   .org_2       code   0x000050    program   0x00002a
                   .org_1       code   0x0007ff    program   0x000002



                              Program Memory Usage 
                               Start         End      
                           ---------   ---------      
                            0x000050    0x000064      
                            0x0007ff    0x0007ff      
            22 out of 2053 program addresses used, program memory utilization is 1%



                              Symbols - Sorted by Name
                     Name    Address   Location    Storage File                     
                ---------  ---------  ---------  --------- ---------                
                   Double   0x000060    program     static C:\Documents and Settings\morrisma\My Documents\MAM-Projects\1020-M16C5x\MPLAB_Projects\M16C5x_Tst.ASM
                     Loop   0x000056    program     static C:\Documents and Settings\morrisma\My Documents\MAM-Projects\1020-M16C5x\MPLAB_Projects\M16C5x_Tst.ASM
                   Reduce   0x00005a    program     static C:\Documents and Settings\morrisma\My Documents\MAM-Projects\1020-M16C5x\MPLAB_Projects\M16C5x_Tst.ASM
                    Start   0x000050    program     static C:\Documents and Settings\morrisma\My Documents\MAM-Projects\1020-M16C5x\MPLAB_Projects\M16C5x_Tst.ASM



                              Symbols - Sorted by Address
                     Name    Address   Location    Storage File                     
                ---------  ---------  ---------  --------- ---------                
                    Start   0x000050    program     static C:\Documents and Settings\morrisma\My Documents\MAM-Projects\1020-M16C5x\MPLAB_Projects\M16C5x_Tst.ASM
                     Loop   0x000056    program     static C:\Documents and Settings\morrisma\My Documents\MAM-Projects\1020-M16C5x\MPLAB_Projects\M16C5x_Tst.ASM
                   Reduce   0x00005a    program     static C:\Documents and Settings\morrisma\My Documents\MAM-Projects\1020-M16C5x\MPLAB_Projects\M16C5x_Tst.ASM
                   Double   0x000060    program     static C:\Documents and Settings\morrisma\My Documents\MAM-Projects\1020-M16C5x\MPLAB_Projects\M16C5x_Tst.ASM


