MPLINK 4.48, Linker
Linker Map File - Created Sat Jul 13 13:25:48 2013

                                 Section Info
                  Section       Type    Address   Location Size(Bytes)
                ---------  ---------  ---------  ---------  ---------
                   .org_0       code   0x000000    program   0x000000
                   .org_2       code   0x000000    program   0x00005e
                   .org_1       code   0x0007ff    program   0x000002



                              Program Memory Usage 
                               Start         End      
                           ---------   ---------      
                            0x000000    0x00002e      
                            0x0007ff    0x0007ff      
            48 out of 2053 program addresses used, program memory utilization is 2%



                              Symbols - Sorted by Name
                     Name    Address   Location    Storage File                     
                ---------  ---------  ---------  --------- ---------                
               Rd_UART_SR   0x00001d    program     static C:\Documents and Settings\morrisma\My Documents\MAM-Projects\1020-M16C5x\MPLAB_Projects\M16C5x_Tst3.asm
             SPI_Init_Dly   0x000008    program     static C:\Documents and Settings\morrisma\My Documents\MAM-Projects\1020-M16C5x\MPLAB_Projects\M16C5x_Tst3.asm
                    Start   0x000000    program     static C:\Documents and Settings\morrisma\My Documents\MAM-Projects\1020-M16C5x\MPLAB_Projects\M16C5x_Tst3.asm
                  WaitLp1   0x000012    program     static C:\Documents and Settings\morrisma\My Documents\MAM-Projects\1020-M16C5x\MPLAB_Projects\M16C5x_Tst3.asm
                  WaitLp2   0x000018    program     static C:\Documents and Settings\morrisma\My Documents\MAM-Projects\1020-M16C5x\MPLAB_Projects\M16C5x_Tst3.asm
                  WaitLp3   0x000021    program     static C:\Documents and Settings\morrisma\My Documents\MAM-Projects\1020-M16C5x\MPLAB_Projects\M16C5x_Tst3.asm
                  WaitLp4   0x000025    program     static C:\Documents and Settings\morrisma\My Documents\MAM-Projects\1020-M16C5x\MPLAB_Projects\M16C5x_Tst3.asm
               Wr_UART_TD   0x000014    program     static C:\Documents and Settings\morrisma\My Documents\MAM-Projects\1020-M16C5x\MPLAB_Projects\M16C5x_Tst3.asm



                              Symbols - Sorted by Address
                     Name    Address   Location    Storage File                     
                ---------  ---------  ---------  --------- ---------                
                    Start   0x000000    program     static C:\Documents and Settings\morrisma\My Documents\MAM-Projects\1020-M16C5x\MPLAB_Projects\M16C5x_Tst3.asm
             SPI_Init_Dly   0x000008    program     static C:\Documents and Settings\morrisma\My Documents\MAM-Projects\1020-M16C5x\MPLAB_Projects\M16C5x_Tst3.asm
                  WaitLp1   0x000012    program     static C:\Documents and Settings\morrisma\My Documents\MAM-Projects\1020-M16C5x\MPLAB_Projects\M16C5x_Tst3.asm
               Wr_UART_TD   0x000014    program     static C:\Documents and Settings\morrisma\My Documents\MAM-Projects\1020-M16C5x\MPLAB_Projects\M16C5x_Tst3.asm
                  WaitLp2   0x000018    program     static C:\Documents and Settings\morrisma\My Documents\MAM-Projects\1020-M16C5x\MPLAB_Projects\M16C5x_Tst3.asm
               Rd_UART_SR   0x00001d    program     static C:\Documents and Settings\morrisma\My Documents\MAM-Projects\1020-M16C5x\MPLAB_Projects\M16C5x_Tst3.asm
                  WaitLp3   0x000021    program     static C:\Documents and Settings\morrisma\My Documents\MAM-Projects\1020-M16C5x\MPLAB_Projects\M16C5x_Tst3.asm
                  WaitLp4   0x000025    program     static C:\Documents and Settings\morrisma\My Documents\MAM-Projects\1020-M16C5x\MPLAB_Projects\M16C5x_Tst3.asm


