EN atahost_controller NULL C:/grlib-gpl-1.0.19-b3188/lib/opencores/ata/atahost_controller.vhd sub00/vhpl43 1275653856
EN ud_cnt NULL C:/grlib-gpl-1.0.19-b3188/lib/opencores/ata/ud_cnt.vhd sub00/vhpl00 1275653766
EN can_fifo NULL C:/grlib-gpl-1.0.19-b3188/lib/opencores/can/can_top.vhd sub00/vhpl20 1275653833
AR can_register rtl C:/grlib-gpl-1.0.19-b3188/lib/opencores/can/can_top.vhd sub00/vhpl29 1275653842
AR can_fifo rtl C:/grlib-gpl-1.0.19-b3188/lib/opencores/can/can_top.vhd sub00/vhpl21 1275653834
EN atahost_dma_fifo NULL C:/grlib-gpl-1.0.19-b3188/lib/opencores/ata/atahost_dma_fifo.vhd sub00/vhpl06 1275653782
EN ro_cnt NULL C:/grlib-gpl-1.0.19-b3188/lib/opencores/ata/ro_cnt.vhd sub00/vhpl02 1275653770
EN can_registers NULL C:/grlib-gpl-1.0.19-b3188/lib/opencores/can/can_top.vhd sub00/vhpl36 1275653849
AR can_ibo rtl C:/grlib-gpl-1.0.19-b3188/lib/opencores/can/can_top.vhd sub00/vhpl25 1275653838
AR ro_cnt structural C:/grlib-gpl-1.0.19-b3188/lib/opencores/ata/ro_cnt.vhd sub00/vhpl03 1275653771
AR can_btl rtl C:/grlib-gpl-1.0.19-b3188/lib/opencores/can/can_top.vhd sub00/vhpl19 1275653832
AR ocidec2_controller structural C:/grlib-gpl-1.0.19-b3188/lib/opencores/ata/ocidec2_controller.vhd sub00/vhpl42 1275653855
EN atahost_pio_tctrl NULL C:/grlib-gpl-1.0.19-b3188/lib/opencores/ata/atahost_pio_tctrl.vhd sub00/vhpl04 1275653774
EN ocidec2_controller NULL C:/grlib-gpl-1.0.19-b3188/lib/opencores/ata/ocidec2_controller.vhd sub00/vhpl41 1275653854
EN atahost_pio_controller NULL C:/grlib-gpl-1.0.19-b3188/lib/opencores/ata/atahost_pio_controller.vhd sub00/vhpl12 1275653800
AR atahost_pio_actrl structural C:/grlib-gpl-1.0.19-b3188/lib/opencores/ata/atahost_pio_actrl.vhd sub00/vhpl11 1275653787
EN atahost_dma_tctrl NULL C:/grlib-gpl-1.0.19-b3188/lib/opencores/ata/atahost_dma_tctrl.vhd sub00/vhpl08 1275653784
AR can_registers rtl C:/grlib-gpl-1.0.19-b3188/lib/opencores/can/can_top.vhd sub00/vhpl37 1275653850
AR atahost_pio_tctrl structural C:/grlib-gpl-1.0.19-b3188/lib/opencores/ata/atahost_pio_tctrl.vhd sub00/vhpl05 1275653775
AR can_top rtl C:/grlib-gpl-1.0.19-b3188/lib/opencores/can/can_top.vhd sub00/vhpl39 1275653852
EN can_bsp NULL C:/grlib-gpl-1.0.19-b3188/lib/opencores/can/can_top.vhd sub00/vhpl26 1275653839
EN can_btl NULL C:/grlib-gpl-1.0.19-b3188/lib/opencores/can/can_top.vhd sub00/vhpl18 1275653831
EN can_crc NULL C:/grlib-gpl-1.0.19-b3188/lib/opencores/can/can_top.vhd sub00/vhpl22 1275653835
AR can_register_asyn_syn rtl C:/grlib-gpl-1.0.19-b3188/lib/opencores/can/can_top.vhd sub00/vhpl33 1275653846
AR can_acf rtl C:/grlib-gpl-1.0.19-b3188/lib/opencores/can/can_top.vhd sub00/vhpl17 1275653830
AR atahost_dma_actrl structural C:/grlib-gpl-1.0.19-b3188/lib/opencores/ata/atahost_dma_actrl.vhd sub00/vhpl15 1275653803
AR atahost_dma_tctrl structural C:/grlib-gpl-1.0.19-b3188/lib/opencores/ata/atahost_dma_tctrl.vhd sub00/vhpl09 1275653785
AR atahost_pio_controller structural C:/grlib-gpl-1.0.19-b3188/lib/opencores/ata/atahost_pio_controller.vhd sub00/vhpl13 1275653801
PH cancomp NULL C:/grlib-gpl-1.0.19-b3188/lib/opencores/can/cancomp.vhd sub00/vhpl40 1275653853
AR can_crc rtl C:/grlib-gpl-1.0.19-b3188/lib/opencores/can/can_top.vhd sub00/vhpl23 1275653836
AR atahost_dma_fifo rtl C:/grlib-gpl-1.0.19-b3188/lib/opencores/ata/atahost_dma_fifo.vhd sub00/vhpl07 1275653783
AR atahost_controller structural C:/grlib-gpl-1.0.19-b3188/lib/opencores/ata/atahost_controller.vhd sub00/vhpl44 1275653857
EN can_register_asyn_syn NULL C:/grlib-gpl-1.0.19-b3188/lib/opencores/can/can_top.vhd sub00/vhpl32 1275653845
EN can_top NULL C:/grlib-gpl-1.0.19-b3188/lib/opencores/can/can_top.vhd sub00/vhpl38 1275653851
EN atahost_pio_actrl NULL C:/grlib-gpl-1.0.19-b3188/lib/opencores/ata/atahost_pio_actrl.vhd sub00/vhpl10 1275653786
AR can_register_syn rtl C:/grlib-gpl-1.0.19-b3188/lib/opencores/can/can_top.vhd sub00/vhpl35 1275653848
PH occomp NULL C:/grlib-gpl-1.0.19-b3188/lib/opencores/occomp/occomp.vhd sub00/vhpl45 1275653858
AR ud_cnt structural C:/grlib-gpl-1.0.19-b3188/lib/opencores/ata/ud_cnt.vhd sub00/vhpl01 1275653767
EN can_register_asyn NULL C:/grlib-gpl-1.0.19-b3188/lib/opencores/can/can_top.vhd sub00/vhpl30 1275653843
AR can_register_asyn rtl C:/grlib-gpl-1.0.19-b3188/lib/opencores/can/can_top.vhd sub00/vhpl31 1275653844
EN can_acf NULL C:/grlib-gpl-1.0.19-b3188/lib/opencores/can/can_top.vhd sub00/vhpl16 1275653829
EN can_register_syn NULL C:/grlib-gpl-1.0.19-b3188/lib/opencores/can/can_top.vhd sub00/vhpl34 1275653847
EN atahost_dma_actrl NULL C:/grlib-gpl-1.0.19-b3188/lib/opencores/ata/atahost_dma_actrl.vhd sub00/vhpl14 1275653802
EN can_register NULL C:/grlib-gpl-1.0.19-b3188/lib/opencores/can/can_top.vhd sub00/vhpl28 1275653841
EN can_ibo NULL C:/grlib-gpl-1.0.19-b3188/lib/opencores/can/can_top.vhd sub00/vhpl24 1275653837
AR can_bsp rtl C:/grlib-gpl-1.0.19-b3188/lib/opencores/can/can_top.vhd sub00/vhpl27 1275653840
